{
  "builtTestProducts" : [

  ],
  "copyCommands" : {

  },
  "pluginDescriptions" : [

  ],
  "swiftCommands" : {
    "C.Darabonba_Main-debug.module" : {
      "executable" : "/Applications/Xcode.app/Contents/Developer/Toolchains/XcodeDefault.xctoolchain/usr/bin/swiftc",
      "importPath" : "/Users/dyn/AliGitRepo/swift-generator/tests/expected/function/.build/x86_64-apple-macosx/debug",
      "inputs" : [
        {
          "kind" : "file",
          "name" : "/Users/dyn/AliGitRepo/swift-generator/tests/expected/function/Sources/Darabonba_Main/Client.swift"
        }
      ],
      "isLibrary" : true,
      "moduleName" : "Darabonba_Main",
      "moduleOutputPath" : "/Users/dyn/AliGitRepo/swift-generator/tests/expected/function/.build/x86_64-apple-macosx/debug/Darabonba_Main.swiftmodule",
      "objects" : [
        "/Users/dyn/AliGitRepo/swift-generator/tests/expected/function/.build/x86_64-apple-macosx/debug/Darabonba_Main.build/Client.swift.o"
      ],
      "otherArguments" : [
        "-target",
        "x86_64-apple-macosx10.10",
        "-swift-version",
        "5",
        "-enable-batch-mode",
        "-index-store-path",
        "/Users/dyn/AliGitRepo/swift-generator/tests/expected/function/.build/x86_64-apple-macosx/debug/index/store",
        "-Onone",
        "-enable-testing",
        "-g",
        "-j12",
        "-DSWIFT_PACKAGE",
        "-DDEBUG",
        "-module-cache-path",
        "/Users/dyn/AliGitRepo/swift-generator/tests/expected/function/.build/x86_64-apple-macosx/debug/ModuleCache",
        "-parseable-output",
        "-parse-as-library",
        "-emit-objc-header",
        "-emit-objc-header-path",
        "/Users/dyn/AliGitRepo/swift-generator/tests/expected/function/.build/x86_64-apple-macosx/debug/Darabonba_Main.build/Darabonba_Main-Swift.h",
        "-sdk",
        "/Applications/Xcode.app/Contents/Developer/Platforms/MacOSX.platform/Developer/SDKs/MacOSX12.3.sdk",
        "-F",
        "/Applications/Xcode.app/Contents/Developer/Platforms/MacOSX.platform/Developer/Library/Frameworks",
        "-I",
        "/Applications/Xcode.app/Contents/Developer/Platforms/MacOSX.platform/Developer/usr/lib",
        "-L",
        "/Applications/Xcode.app/Contents/Developer/Platforms/MacOSX.platform/Developer/usr/lib"
      ],
      "outputs" : [
        {
          "kind" : "file",
          "name" : "/Users/dyn/AliGitRepo/swift-generator/tests/expected/function/.build/x86_64-apple-macosx/debug/Darabonba_Main.build/Client.swift.o"
        },
        {
          "kind" : "file",
          "name" : "/Users/dyn/AliGitRepo/swift-generator/tests/expected/function/.build/x86_64-apple-macosx/debug/Darabonba_Main.swiftmodule"
        }
      ],
      "sources" : [
        "/Users/dyn/AliGitRepo/swift-generator/tests/expected/function/Sources/Darabonba_Main/Client.swift"
      ],
      "tempsPath" : "/Users/dyn/AliGitRepo/swift-generator/tests/expected/function/.build/x86_64-apple-macosx/debug/Darabonba_Main.build",
      "wholeModuleOptimization" : false
    }
  },
  "swiftFrontendCommands" : {

  },
  "testDiscoveryCommands" : {

  }
}