client:
  name: basic
tools: {}
targets:
  "Darabonba_Main-debug.module": ["<Darabonba_Main-debug.module>"]
  "PackageStructure": ["<PackageStructure>"]
  "main": ["<Darabonba_Main-debug.module>"]
  "test": ["<Darabonba_Main-debug.module>"]
default: "main"
nodes:
  "/Users/dyn/AliGitRepo/swift-generator/tests/expected/statements/Sources/Darabonba_Main/":
    is-directory-structure: true
commands:
  "<Darabonba_Main-debug.module>":
    tool: phony
    inputs: ["/Users/dyn/AliGitRepo/swift-generator/tests/expected/statements/.build/x86_64-apple-macosx/debug/Darabonba_Main.build/Client.swift.o","/Users/dyn/AliGitRepo/swift-generator/tests/expected/statements/.build/x86_64-apple-macosx/debug/Darabonba_Main.swiftmodule"]
    outputs: ["<Darabonba_Main-debug.module>"]

  "C.Darabonba_Main-debug.module":
    tool: swift-compiler
    inputs: ["/Users/dyn/AliGitRepo/swift-generator/tests/expected/statements/Sources/Darabonba_Main/Client.swift"]
    outputs: ["/Users/dyn/AliGitRepo/swift-generator/tests/expected/statements/.build/x86_64-apple-macosx/debug/Darabonba_Main.build/Client.swift.o","/Users/dyn/AliGitRepo/swift-generator/tests/expected/statements/.build/x86_64-apple-macosx/debug/Darabonba_Main.swiftmodule"]
    executable: "/Applications/Xcode.app/Contents/Developer/Toolchains/XcodeDefault.xctoolchain/usr/bin/swiftc"
    module-name: "Darabonba_Main"
    module-output-path: "/Users/dyn/AliGitRepo/swift-generator/tests/expected/statements/.build/x86_64-apple-macosx/debug/Darabonba_Main.swiftmodule"
    import-paths: ["/Users/dyn/AliGitRepo/swift-generator/tests/expected/statements/.build/x86_64-apple-macosx/debug"]
    temps-path: "/Users/dyn/AliGitRepo/swift-generator/tests/expected/statements/.build/x86_64-apple-macosx/debug/Darabonba_Main.build"
    objects: ["/Users/dyn/AliGitRepo/swift-generator/tests/expected/statements/.build/x86_64-apple-macosx/debug/Darabonba_Main.build/Client.swift.o"]
    other-args: ["-target","x86_64-apple-macosx10.10","-swift-version","5","-enable-batch-mode","-index-store-path","/Users/dyn/AliGitRepo/swift-generator/tests/expected/statements/.build/x86_64-apple-macosx/debug/index/store","-Onone","-enable-testing","-g","-j12","-DSWIFT_PACKAGE","-DDEBUG","-module-cache-path","/Users/dyn/AliGitRepo/swift-generator/tests/expected/statements/.build/x86_64-apple-macosx/debug/ModuleCache","-parseable-output","-parse-as-library","-emit-objc-header","-emit-objc-header-path","/Users/dyn/AliGitRepo/swift-generator/tests/expected/statements/.build/x86_64-apple-macosx/debug/Darabonba_Main.build/Darabonba_Main-Swift.h","-sdk","/Applications/Xcode.app/Contents/Developer/Platforms/MacOSX.platform/Developer/SDKs/MacOSX12.3.sdk","-F","/Applications/Xcode.app/Contents/Developer/Platforms/MacOSX.platform/Developer/Library/Frameworks","-I","/Applications/Xcode.app/Contents/Developer/Platforms/MacOSX.platform/Developer/usr/lib","-L","/Applications/Xcode.app/Contents/Developer/Platforms/MacOSX.platform/Developer/usr/lib"]
    sources: ["/Users/dyn/AliGitRepo/swift-generator/tests/expected/statements/Sources/Darabonba_Main/Client.swift"]
    is-library: true
    enable-whole-module-optimization: false
    num-threads: 12

  "PackageStructure":
    tool: package-structure-tool
    inputs: ["/Users/dyn/AliGitRepo/swift-generator/tests/expected/statements/Sources/Darabonba_Main/","/Users/dyn/AliGitRepo/swift-generator/tests/expected/statements/Package.swift","/Users/dyn/AliGitRepo/swift-generator/tests/expected/statements/Package.resolved"]
    outputs: ["<PackageStructure>"]
    description: "Planning build"
    allow-missing-inputs: true

